// Jest Snapshot v1, https://goo.gl/fbAQLP

exports[`Loading spinner 1`] = `
.c0 {
  box-sizing: border-box;
  padding-top: 8px;
  padding-bottom: 8px;
}

.c1 {
  display: block;
  margin: 0 auto;
  fill: #000;
}

.c1 > circle {
  -webkit-animation-name: kLZGqs;
  animation-name: kLZGqs;
  -webkit-animation-duration: 2s;
  animation-duration: 2s;
  -webkit-animation-timing-function: cubic-bezier(0.05,0.2,0.35,1);
  animation-timing-function: cubic-bezier(0.05,0.2,0.35,1);
  -webkit-animation-iteration-count: infinite;
  animation-iteration-count: infinite;
}

.c1 > circle:nth-child(2) {
  -webkit-animation-delay: 0.18s;
  animation-delay: 0.18s;
}

.c1 > circle:nth-child(3) {
  -webkit-animation-delay: 0.36s;
  animation-delay: 0.36s;
}

@media screen and (min-width:40em) {
  .c0 {
    padding-top: 32px;
    padding-bottom: 32px;
  }
}

<div
  className="c0"
>
  <svg
    className="spinner c1"
    height="20"
    viewBox="0 0 60 20"
    width="60"
    xmlns="http://www.w3.org/2000/svg"
  >
    <circle
      cx="7"
      cy="15"
      r="4"
    />
    <circle
      cx="30"
      cy="15"
      r="4"
    />
    <circle
      cx="53"
      cy="15"
      r="4"
    />
  </svg>
</div>
`;
